// Jest Snapshot v1, https://goo.gl/fbAQLP

exports[`renders 1`] = `
<DocumentFragment>
  <section
    class="hero is-halfheight"
  >
    <div
      class="hero-body"
    >
      <div
        class="container"
      >
        <h1
          class="title has-text-centered"
        >
          Welcome, I am Fred :)
        </h1>
        <div
          class="columns is-mobile is-centered"
        >
          <div
            class="column is-one-third is-mobile is-centered"
          >
            <form>
              <div
                class="field"
              >
                <label
                  class="label"
                  for="input-email"
                >
                  Email
                </label>
                <input
                  class="input"
                  id="input-email"
                  name="email"
                  placeholder="Enter an email address"
                  type="email"
                  value=""
                />
              </div>
              <div
                class="field"
              >
                <label
                  class="label"
                  for="input-password"
                >
                  Password
                </label>
                <input
                  class="input"
                  id="input-password"
                  name="password"
                  placeholder="Enter a password"
                  type="password"
                  value=""
                />
              </div>
              <input
                class="button is-fullwidth secondary-btn is-rounded raised"
                type="submit"
                value="Log in"
              />
            </form>
          </div>
        </div>
      </div>
    </div>
  </section>
</DocumentFragment>
`;
